#
#	PopulationVisualisationGermany - The web GIS application "PopulationVisualisationGermany" visualises the changes in the distribution of the population in Germany over time.
#   Copyright (C) 2019 Björn Kremer und Thomas Rozanski
#
#   This program is free software: you can redistribute it and/or modify
#   it under the terms of the GNU General Public License as published by
#   the Free Software Foundation, either version 3 of the License, or
#   (at your option) any later version.
#
#   This program is distributed in the hope that it will be useful,
#   but WITHOUT ANY WARRANTY; without even the implied warranty of
#   MERCHANTABILITY or FITNESS FOR A PARTICULAR PURPOSE.  See the
#   GNU General Public License for more details.
#
#   You should have received a copy of the GNU General Public License
#   along with this program.  If not, see <https://www.gnu.org/licenses/>.
#
MAP
	NAME "GIS Bundesland"
	EXTENT 3.39194444 46.19500000 16.78944444 55.91944444
	UNITS meters
	STATUS ON

	WEB
		METADATA
			"wfs_title" "GIS Bundesland"
			"wfs_abstract" "GIS Bundesland"
			"wfs_srs" "EPSG:3857 EPSG:4326 EPSG:25832"
			"wfs_enable_request" "*"
			"wfs_getfeature_formatlist" "geojson"
		END
	END

	OUTPUTFORMAT
		NAME "geojson"
		MIMETYPE "application/json; subtype=geojson"
		DRIVER "OGR/GEOJSON"
		FORMATOPTION "STORAGE=stream"
		FORMATOPTION "FORM=simple"
	END
	
	PROJECTION
		"init=epsg:4326"
	END

	LAYER
		NAME bl
		TYPE Polygon
		STATUS DEFAULT
		CONNECTION "bl.gml"
		CONNECTIONTYPE OGR
		PROJECTION
			"init=epsg:25832"
		END
		METADATA
			"gml_include_items" "GEN"
		END
	END
END